IBM XL Fortran for AIX, V12.1 (5724-U82) Version 12.01.0000.0001 --- ../domain-plugin/domain_pluginMod.F 03/09/11 11:03:35
 
>>>>> OPTIONS SECTION <<<<<
***   Options In Effect   ***
  
         ==  On / Off Options  ==
         CR              DBG             ESCAPE          FULLPATH
         I4              INLGLUE         NOLIBESSL       NOLIBPOSIX
         OBJECT          SOURCE          STRICT          SWAPOMP
         THREADED        UNWIND          ZEROSIZE
  
         ==  Options Of Integer Type ==
         ALIAS_SIZE(65536)     MAXMEM(-1)            OPTIMIZE(2)
         SPILLSIZE(2000)       STACKTEMP(0)
  
         ==  Options Of Character Type  ==
         64(LARGETYPE)         ALIAS(STD,NOINTPTR)   ALIGN(BINDC(POWER),STRUCT(NATURAL))
         ARCH(PWR6)            ATTR(FULL)            AUTODBL(NONE)
         DESCRIPTOR(V1)        DIRECTIVE(IBM*,IBMT)  ENUM()
         FLAG(I,I)             FLOAT(RNDSNGL,MAF,FOLD,RNGCHK,SINGLE)
         FREE(F90)             HALT(S)               IEEE(NEAR)
         INTSIZE(4)            LANGLVL(EXTENDED)     REALSIZE(4)
         NOSAVE()              TUNE(PWR6)            UNROLL(AUTO)
         XREF(FULL)            XLF2003(NOPOLYMORPHIC,NOBOZLITARGS,NOSTOPEXCEPT,NOVOLATILE,NOAUTOREALLOC,OLDNANINF)
         XLF77(LEADZERO,BLANKPAD)
         XLF90(NOSIGNEDZERO,NOAUTODEALLOC,OLDPAD)
  
>>>>> SOURCE SECTION <<<<<
          1 |#line 1 "../domain-plugin/domain_pluginMod.F"
          1 |!-------------------------------------------------------------------------
          2 |! NASA Goddard Space Flight Center Land Information System (LIS) V3.0
          3 |! Released May 2004
          4 |!
          5 |! See SOFTWARE DISTRIBUTION POLICY for software distribution policies
          6 |!
          7 |! The LIS source code and documentation are in the public domain,
          8 |! available without fee for educational, research, non-commercial and
          9 |! commercial purposes.  Users may distribute the binary or source
         10 |! code to third parties provided this statement appears on all copies and
         11 |! that no charge is made for such copies.
         12 |!
         13 |! NASA GSFC MAKES NO REPRESENTATIONS ABOUT THE SUITABILITY OF THE
         14 |! SOFTWARE FOR ANY PURPOSE.  IT IS PROVIDED AS IS WITHOUT EXPRESS OR
         15 |! IMPLIED WARRANTY.  NEITHER NASA GSFC NOR THE US GOVERNMENT SHALL BE
         16 |! LIABLE FOR ANY DAMAGES SUFFERED BY THE USER OF THIS SOFTWARE.
         17 |!
         18 |! See COPYRIGHT.TXT for copyright details.
         19 |!
         20 |!-------------------------------------------------------------------------
         21 |!BOP
         22 |!
         23 |! !MODULE: domain_pluginMod.F90
         24 |!
         25 |! !DESCRIPTION:
         26 |!   This module contains the definition of the functions used for
         27 |!   defining routines that initialize various domains.
         28 |!
         29 |! !REVISION HISTORY:
         30 |!  17Feb2004;   Sujay Kumar  Initial Specification
         31 |!
         32 |! !INTERFACE:
         33 |module domain_pluginMod
         34 |!EOP
         35 |  implicit none
         36 |
         37 |contains
         38 |!BOP
         39 |! !ROUTINE: domain_plugin
         40 |!
         41 |! !DESCRIPTION:
         42 |!
         43 |! This is a custom-defined plugin point for introducing a new domain.
         44 |! The specific computations that needs to be performed to initilaize
         45 |! a new domain/projection need to be defined in this method.
         46 |!
         47 |!
         48 |! !INTERFACE:
         49 |  subroutine domain_plugin
         50 |! !USES:
         51 |
         52 |!EOP
         53 |    external readdomain_default
         54 |    external createtiles_latlon
         55 |    external maketiles_gaussian
         56 |#line 60
         60 |!BOC
         61 |#line 65
         65 |!   call registerdomain(1,createtiles_latlon)
         66 |   call registerdomain(1, maketiles_gaussian)
         67 |   call registerinput(1,readdomain_default)
         68 |
         69 |!EOC
         70 |  end subroutine domain_plugin
         71 |end module domain_pluginMod
 
>>>>> ATTRIBUTE AND CROSS REFERENCE SECTION <<<<<
 
 
 
IDENTIFIER NAME                  CROSS REFERENCE AND ATTRIBUTES
 
createtiles_latlon               Unknown type
                                 0-54.14$
 
domain_plugin                    Public, Module Subroutine
                                 0-49.14$
 
domain_pluginmod                 Nonintrinsic Module
                                 0-33.8$
 
maketiles_gaussian               External Subprogram Unknown type
                                 0-55.14$  0-66.27
 
readdomain_default               External Subprogram Unknown type
                                 0-53.14$  0-67.25
 
registerdomain                   External Subroutine
                                 0-66.9
 
registerinput                    External Subroutine
                                 0-67.9
 
** domain_pluginmod   === End of Compilation 1 ===
 
>>>>> FILE TABLE SECTION <<<<<
 
 
                                       FILE CREATION        FROM
FILE NO   FILENAME                    DATE       TIME       FILE    LINE
     0    ../domain-plugin/domain_pluginMod.F
                                      03/09/11   11:03:35
 
 
>>>>> COMPILATION EPILOGUE SECTION <<<<<
 
 
FORTRAN Summary of Diagnosed Conditions
 
TOTAL   UNRECOVERABLE  SEVERE       ERROR     WARNING    INFORMATIONAL
               (U)       (S)         (E)        (W)          (I)
    0           0         0           0          0            0
 
 
    Source records read.......................................      66
1501-510  Compilation successful for file domain_pluginMod.F.
1501-543  Object file created.
