IBM XL Fortran for AIX, V12.1 (5724-U82) Version 12.01.0000.0001 --- ../core/lis_indices_module.F 03/09/11 11:03:38
 
>>>>> OPTIONS SECTION <<<<<
***   Options In Effect   ***
  
         ==  On / Off Options  ==
         CR              DBG             ESCAPE          FULLPATH
         I4              INLGLUE         NOLIBESSL       NOLIBPOSIX
         OBJECT          SOURCE          STRICT          SWAPOMP
         THREADED        UNWIND          ZEROSIZE
  
         ==  Options Of Integer Type ==
         ALIAS_SIZE(65536)     MAXMEM(-1)            OPTIMIZE(2)
         SPILLSIZE(2000)       STACKTEMP(0)
  
         ==  Options Of Character Type  ==
         64(LARGETYPE)         ALIAS(STD,NOINTPTR)   ALIGN(BINDC(POWER),STRUCT(NATURAL))
         ARCH(PWR6)            ATTR(FULL)            AUTODBL(NONE)
         DESCRIPTOR(V1)        DIRECTIVE(IBM*,IBMT)  ENUM()
         FLAG(I,I)             FLOAT(RNDSNGL,MAF,FOLD,RNGCHK,SINGLE)
         FREE(F90)             HALT(S)               IEEE(NEAR)
         INTSIZE(4)            LANGLVL(EXTENDED)     REALSIZE(4)
         NOSAVE()              TUNE(PWR6)            UNROLL(AUTO)
         XREF(FULL)            XLF2003(NOPOLYMORPHIC,NOBOZLITARGS,NOSTOPEXCEPT,NOVOLATILE,NOAUTOREALLOC,OLDNANINF)
         XLF77(LEADZERO,BLANKPAD)
         XLF90(NOSIGNEDZERO,NOAUTODEALLOC,OLDPAD)
  
>>>>> SOURCE SECTION <<<<<
          1 |#line 1 "../core/lis_indices_module.F"
          1 |!-------------------------------------------------------------------------
          2 |! NASA Goddard Space Flight Center Land Information System (LIS) V3.0
          3 |! Released May 2004
          4 |!
          5 |! See SOFTWARE DISTRIBUTION POLICY for software distribution policies
          6 |!
          7 |! The LIS source code and documentation are in the public domain,
          8 |! available without fee for educational, research, non-commercial and
          9 |! commercial purposes.  Users may distribute the binary or source
         10 |! code to third parties provided this statement appears on all copies and
         11 |! that no charge is made for such copies.
         12 |!
         13 |! NASA GSFC MAKES NO REPRESENTATIONS ABOUT THE SUITABILITY OF THE
         14 |! SOFTWARE FOR ANY PURPOSE.  IT IS PROVIDED AS IS WITHOUT EXPRESS OR
         15 |! IMPLIED WARRANTY.  NEITHER NASA GSFC NOR THE US GOVERNMENT SHALL BE
         16 |! LIABLE FOR ANY DAMAGES SUFFERED BY THE USER OF THIS SOFTWARE.
         17 |!
         18 |! See COPYRIGHT.TXT for copyright details.
         19 |!
         20 |!-------------------------------------------------------------------------
         21 |!BOP
         22 |!
         23 |! !MODULE: lis_indices_module.F90
         24 |!
         25 |! !DESCRIPTION:
         26 |!   This module contains generic indices for performing loops over
         27 |!   rows and columns.  Depending on how LIS is run (e.g., when using
         28 |!   a GrADS-DODS server (GDS) or not), the number of rows and columns for
         29 |!   a given domain may change.  This module determines how LIS is run
         30 |!   and which set of indices to use.
         31 |!
         32 |! !REVISION HISTORY:
         33 |!  08 Apr 2004  James Geiger; Initial Specification
         34 |!
         35 |!EOP
         36 |module lis_indices_module
         37 |
         38 |   use lisdrv_module, only : lis
         39 |
         40 |   implicit none
         41 |
         42 |   integer :: lis_nc_working ! number of longitude points for the running domain
         43 |   integer :: lis_nr_working ! number of latitude points for the running domain
         44 |
         45 |   integer :: lis_nc_data ! number of longitude points for the paramater
         46 |                          ! data domain
         47 |   integer :: lis_nr_data ! number of latitude points for the paramater
         48 |                          ! data domain
         49 |
         50 |   integer :: lis_tnroffset ! offset used to map a tile's global row number
         51 |                            ! to its local value
         52 |                            !
         53 |                            ! For a given process, say its patch of tiles
         54 |                            ! begins at global row number 18.  All local
         55 |                            ! arrays for this process will begin with an index
         56 |                            ! of 1.  This offset is used to adjust any
         57 |                            ! tile(i)%row references to local indices.
         58 |                            !
         59 |                            ! For example:
         60 |              ! noah(i)%albsf1 = value1(tile(i)%col, tile(i)%row-lis_tnroffset)
         61 |                            !
         62 |                            ! Currently there is no need for a column offset.
         63 |
         64 |   integer :: lis_grid_offset ! offset used to map a tile's global grid index
         65 |                              ! to its local value
         66 |                              !
         67 |                              ! See lis_tnroffset above.
         68 |
         69 |   integer :: lis_g2l_row_offset ! offset used to map a tile's global row
         70 |                                 ! index into its sub-domain row index
         71 |         !  ( running_southern_lat - parameter_data_southern_lat ) / resolution
         72 |                                 ! This offset take lis_tnroffset into account.
         73 |
         74 |   integer :: lis_g2l_col_offset ! offset used to map a tile's global column
         75 |                                 ! index into its sub-domain column index
         76 |         !  ( running_western_lon - parameter_data_western_lon ) / resolution
         77 |
         78 |contains
         79 |
         80 |!BOP
         81 |! !ROUTINE: lis_set_indices
         82 |!
         83 |! !DESCRIPTION:
         84 |!    This routine sets the generic indices -- lis\_nc\_working,
         85 |!    lis\_nr\_working, lis\_tnroffset, lis\_nc\_data, lis\_nr\_data,
         86 |!    lis\_g2l\_row\_offset, and lis\_g2l\_col\_offset
         87 |!    -- depending on how the LIS executable was compiled.
         88 |!
         89 |! !INTERFACE:
         90 |subroutine lis_set_indices()
         91 |!EOP
         92 |#line 97
         97 |   implicit none
         98 |#line 109
        109 |      lis_nc_working  = lis%d%lnc
        110 |      lis_nr_working  = lis%d%lnr
        111 |      lis_tnroffset   = 0
        112 |      lis_grid_offset = 0
        113 |!   if(lis%d%domain.eq.8) then
        114 |!    if(lis%d%gridDesc(9) .eq. 0.01) then
        115 |      lis_nc_data     = lis%d%lnc
        116 |      lis_nr_data     = lis%d%lnr
        117 |!   else
        118 |!      lis_nc_data     = lis%d%gnc
        119 |!      lis_nr_data     = lis%d%gnr
        120 |!   endif
        121 |#line 123
        123 |   lis_g2l_row_offset = lis_global_to_local_row_offset(lis_tnroffset)
        124 |   lis_g2l_col_offset = lis_global_to_local_col_offset()
        125 |
        126 |   print*,'DBG: lis_set_indices -- lis_nc_working',lis_nc_working
        127 |   print*,'DBG: lis_set_indices -- lis_nr_working',lis_nr_working
        128 |   print*,'DBG: lis_set_indices -- lis%d%lnc',lis%d%lnc
        129 |   print*,'DBG: lis_set_indices -- lis%d%lnr',lis%d%lnr
        130 |   print*,'DBG: lis_set_indices -- lis_nc_data',lis_nc_data
        131 |   print*,'DBG: lis_set_indices -- lis_nr_data',lis_nr_data
        132 |   print*,'DBG: lis_set_indices -- lis%d%gnc',lis%d%gnc
        133 |   print*,'DBG: lis_set_indices -- lis%d%gnr',lis%d%gnr
        134 |   print*,'DBG: lis_set_indices -- lis_tnroffset',lis_tnroffset
        135 |   print*,'DBG: lis_set_indices -- lis_grid_offset',lis_grid_offset
        136 |#line 143
        143 |end subroutine lis_set_indices
        144 |
        145 |!BOP
        146 |! !ROUTINE: lis_get_run_slat
        147 |!
        148 |! !DESCRIPTION:
        149 |!    This routine returns the value of the southern latitude for the
        150 |!    running domain.
        151 |!
        152 |! !INTERFACE:
        153 |function lis_get_run_slat()
        154 |!EOP
        155 |
        156 |   implicit none
        157 |
        158 |   real :: lis_get_run_slat
        159 |
        160 |   lis_get_run_slat = lis%d%gridDesc(4)
        161 |
        162 |   return
        163 |
        164 |end function lis_get_run_slat
        165 |
        166 |!BOP
        167 |! !ROUTINE: lis_get_run_wlon
        168 |!
        169 |! !DESCRIPTION:
        170 |!    This routine returns the value of the western longitude for the
        171 |!    running domain.
        172 |!
        173 |! !INTERFACE:
        174 |function lis_get_run_wlon()
        175 |!EOP
        176 |
        177 |   implicit none
        178 |
        179 |   real :: lis_get_run_wlon
        180 |
        181 |   lis_get_run_wlon = lis%d%gridDesc(5)
        182 |
        183 |   return
        184 |
        185 |end function lis_get_run_wlon
        186 |
        187 |!BOP
        188 |! !ROUTINE: lis_get_run_nlat
        189 |!
        190 |! !DESCRIPTION:
        191 |!    This routine returns the value of the northern latitude for the
        192 |!    running domain.
        193 |!
        194 |! !INTERFACE:
        195 |function lis_get_run_nlat()
        196 |!EOP
        197 |
        198 |   implicit none
        199 |
        200 |   real :: lis_get_run_nlat
        201 |
        202 |   lis_get_run_nlat = lis%d%gridDesc(7)
        203 |
        204 |   return
        205 |
        206 |end function lis_get_run_nlat
        207 |
        208 |!BOP
        209 |! !ROUTINE: lis_get_run_elon
        210 |!
        211 |! !DESCRIPTION:
        212 |!    This routine returns the value of the eastern longitude for the
        213 |!    running domain.
        214 |!
        215 |! !INTERFACE:
        216 |function lis_get_run_elon()
        217 |!EOP
        218 |
        219 |   implicit none
        220 |
        221 |   real :: lis_get_run_elon
        222 |
        223 |   lis_get_run_elon = lis%d%gridDesc(8)
        224 |
        225 |   return
        226 |
        227 |end function lis_get_run_elon
        228 |
        229 |!BOP
        230 |! !ROUTINE: lis_get_run_lat_res
        231 |!
        232 |! !DESCRIPTION:
        233 |!    This routine returns the value of the resolution (latitude) for the
        234 |!    running domain.
        235 |!
        236 |! !INTERFACE:
        237 |function lis_get_run_lat_res()
        238 |!EOP
        239 |
        240 |   implicit none
        241 |
        242 |   real :: lis_get_run_lat_res
        243 |
        244 |   lis_get_run_lat_res = lis%d%gridDesc(9)
        245 |
        246 |   return
        247 |
        248 |end function lis_get_run_lat_res
        249 |
        250 |!BOP
        251 |! !ROUTINE: lis_get_run_lon_res
        252 |!
        253 |! !DESCRIPTION:
        254 |!    This routine returns the value of the resolution (longitude) for the
        255 |!    running domain.
        256 |!
        257 |! !INTERFACE:
        258 |function lis_get_run_lon_res()
        259 |!EOP
        260 |
        261 |   implicit none
        262 |
        263 |   real :: lis_get_run_lon_res
        264 |
        265 |   lis_get_run_lon_res = lis%d%gridDesc(10)
        266 |
        267 |   return
        268 |
        269 |end function lis_get_run_lon_res
        270 |
        271 |!BOP
        272 |! !ROUTINE: lis_get_data_slat
        273 |!
        274 |! !DESCRIPTION:
        275 |!    This routine returns the value of the southern latitude for the
        276 |!    parameter data domain.
        277 |!
        278 |! !INTERFACE:
        279 |function lis_get_data_slat()
        280 |!EOP
        281 |
        282 |   implicit none
        283 |
        284 |   real :: lis_get_data_slat
        285 |
        286 |   lis_get_data_slat = lis%d%gridDesc(44)
        287 |
        288 |   return
        289 |
        290 |end function lis_get_data_slat
        291 |
        292 |!BOP
        293 |! !ROUTINE: lis_get_data_wlon
        294 |!
        295 |! !DESCRIPTION:
        296 |!    This routine returns the value of the western longitude for the
        297 |!    parameter data domain.
        298 |!
        299 |! !INTERFACE:
        300 |function lis_get_data_wlon()
        301 |!EOP
        302 |
        303 |   implicit none
        304 |
        305 |   real :: lis_get_data_wlon
        306 |
        307 |   lis_get_data_wlon = lis%d%gridDesc(45)
        308 |
        309 |   return
        310 |
        311 |end function lis_get_data_wlon
        312 |
        313 |!BOP
        314 |! !ROUTINE: lis_get_data_nlat
        315 |!
        316 |! !DESCRIPTION:
        317 |!    This routine returns the value of the northern latitude for the
        318 |!    parameter data domain.
        319 |!
        320 |! !INTERFACE:
        321 |function lis_get_data_nlat()
        322 |!EOP
        323 |
        324 |   implicit none
        325 |
        326 |   real :: lis_get_data_nlat
        327 |
        328 |   lis_get_data_nlat = lis%d%gridDesc(47)
        329 |
        330 |   return
        331 |
        332 |end function lis_get_data_nlat
        333 |
        334 |!BOP
        335 |! !ROUTINE: lis_get_data_elon
        336 |!
        337 |! !DESCRIPTION:
        338 |!    This routine returns the value of the eastern longitude for the
        339 |!    parameter data domain.
        340 |!
        341 |! !INTERFACE:
        342 |function lis_get_data_elon()
        343 |!EOP
        344 |
        345 |   implicit none
        346 |
        347 |   real :: lis_get_data_elon
        348 |
        349 |   lis_get_data_elon = lis%d%gridDesc(48)
        350 |
        351 |   return
        352 |
        353 |end function lis_get_data_elon
        354 |
        355 |!BOP
        356 |! !ROUTINE: lis_get_data_lat_res
        357 |!
        358 |! !DESCRIPTION:
        359 |!    This routine returns the value of the resolution (latitude) for the
        360 |!    parameter data domain.
        361 |!
        362 |! !INTERFACE:
        363 |function lis_get_data_lat_res()
        364 |!EOP
        365 |
        366 |   implicit none
        367 |
        368 |   real :: lis_get_data_lat_res
        369 |
        370 |   lis_get_data_lat_res = lis%d%gridDesc(49)
        371 |
        372 |   return
        373 |
        374 |end function lis_get_data_lat_res
        375 |
        376 |!BOP
        377 |! !ROUTINE: lis_get_data_lon_res
        378 |!
        379 |! !DESCRIPTION:
        380 |!    This routine returns the value of the resolution (longitude) for the
        381 |!    parameter data domain.
        382 |!
        383 |! !INTERFACE:
        384 |function lis_get_data_lon_res()
        385 |!EOP
        386 |
        387 |   implicit none
        388 |
        389 |   real :: lis_get_data_lon_res
        390 |
        391 |   lis_get_data_lon_res = lis%d%gridDesc(50)
        392 |
        393 |   return
        394 |
        395 |end function lis_get_data_lon_res
        396 |
        397 |!BOP
        398 |! !ROUTINE: lis_global_to_local_row_offset
        399 |!
        400 |! !DESCRIPTION:
        401 |!    This routine returns the offset needed to adjust a global row index
        402 |!    value into its corresponding local row index value.
        403 |!
        404 |! !INTERFACE:
        405 |function lis_global_to_local_row_offset(offset)
        406 |!EOP
        407 |
        408 |   implicit none
        409 |
        410 |   real :: lis_global_to_local_row_offset
        411 |   integer, intent(in) :: offset
        412 |
        413 |   lis_global_to_local_row_offset =                        &
        414 |      nint( ( lis_get_run_slat() - lis_get_data_slat() ) / &
        415 |              lis_get_run_lat_res() ) - offset
        416 |
        417 |   return
        418 |
        419 |end function lis_global_to_local_row_offset
        420 |
        421 |!BOP
        422 |! !ROUTINE: lis_global_to_local_col_offset
        423 |!
        424 |! !DESCRIPTION:
        425 |!    This routine returns the offset needed to adjust a global column index
        426 |!    value into its corresponding local column index value.
        427 |!
        428 |! !INTERFACE:
        429 |function lis_global_to_local_col_offset()
        430 |!EOP
        431 |
        432 |   implicit none
        433 |
        434 |   real :: lis_global_to_local_col_offset
        435 |
        436 |   lis_global_to_local_col_offset =                        &
        437 |      nint( ( lis_get_run_wlon() - lis_get_data_wlon() ) / &
        438 |              lis_get_run_lon_res() )
        439 |
        440 |   return
        441 |
        442 |end function lis_global_to_local_col_offset
        443 |
        444 |end module lis_indices_module
 
>>>>> ATTRIBUTE AND CROSS REFERENCE SECTION <<<<<
 
 
 
IDENTIFIER NAME                  CROSS REFERENCE AND ATTRIBUTES
 
a                                Use associated, Derived type: lisassimil, Component of Derived type definition: lisdec, Offset: 1276, Alignment: full word
                                 0-38.8$
 
avhrrdir                         Use associated, Character(40), Component of Derived type definition: lisparameters, Offset: 400, Alignment: byte
                                 0-38.8$
 
clfile                           Use associated, Character(40), Component of Derived type definition: lisparameters, Offset: 160, Alignment: byte
                                 0-38.8$
 
d                                Use associated, Derived type: lisdomain, Component of Derived type definition: lisdec, Offset: 0, Alignment: full word
                                 0-38.8$
 
da                               Use associated, Integer(4), Component of Derived type definition: listime, Offset: 88, Alignment: full word
                                 0-38.8$
 
dfile                            Use associated, Character(40), Component of Derived type definition: lisoutput, Offset: 92, Alignment: byte
                                 0-38.8$
 
domain                           Use associated, Integer(4), Component of Derived type definition: lisdomain, Offset: 28, Alignment: full word
                                 0-38.8$
 
doy                              Use associated, Integer(4), Component of Derived type definition: listime, Offset: 76, Alignment: full word
                                 0-38.8$
 
ecor                             Use associated, Integer(4), Component of Derived type definition: lisforcing, Offset: 4, Alignment: full word
                                 0-38.8$
 
eda                              Use associated, Integer(4), Component of Derived type definition: listime, Offset: 48, Alignment: full word
                                 0-38.8$
 
edoy                             Use associated, Integer(4), Component of Derived type definition: listime, Offset: 40, Alignment: full word
                                 0-38.8$
 
egmt                             Use associated, Real(4), Component of Derived type definition: listime, Offset: 132, Alignment: full word
                                 0-38.8$
 
ehr                              Use associated, Integer(4), Component of Derived type definition: listime, Offset: 44, Alignment: full word
                                 0-38.8$
 
elev                             Use associated, Integer(4), Component of Derived type definition: lisdomain, Offset: 12, Alignment: full word
                                 0-38.8$
 
elev_griddesc                    Use associated, Real(4) (1:6), Component of Derived type definition: lisdomain, Offset: 296, Alignment: full word
                                 0-38.8$
 
elevfile                         Use associated, Character(40), Component of Derived type definition: lisparameters, Offset: 520, Alignment: byte
                                 0-38.8$
 
emn                              Use associated, Integer(4), Component of Derived type definition: listime, Offset: 36, Alignment: full word
                                 0-38.8$
 
emo                              Use associated, Integer(4), Component of Derived type definition: listime, Offset: 52, Alignment: full word
                                 0-38.8$
 
endcode                          Use associated, Integer(4), Component of Derived type definition: listime, Offset: 28, Alignment: full word
                                 0-38.8$
 
endtime                          Use associated, Integer(4), Component of Derived type definition: listime, Offset: 104, Alignment: full word
                                 0-38.8$
 
ess                              Use associated, Integer(4), Component of Derived type definition: listime, Offset: 32, Alignment: full word
                                 0-38.8$
 
etime                            Use associated, Real(8), Component of Derived type definition: listime, Offset: 120, Alignment: double word
                                 0-38.8$
 
expcode                          Use associated, Integer(4), Component of Derived type definition: lisoutput, Offset: 20, Alignment: full word
                                 0-38.8$
 
eyr                              Use associated, Integer(4), Component of Derived type definition: listime, Offset: 56, Alignment: full word
                                 0-38.8$
 
f                                Use associated, Derived type: lisforcing, Component of Derived type definition: lisdec, Offset: 344, Alignment: full word
                                 0-38.8$
 
f00_flag                         Use associated, Integer(4), Component of Derived type definition: lisforcing, Offset: 60, Alignment: full word
                                 0-38.8$
 
f06_flag                         Use associated, Integer(4), Component of Derived type definition: lisforcing, Offset: 64, Alignment: full word
                                 0-38.8$
 
fidgm                            Use associated, Integer(4), Component of Derived type definition: lisoutput, Offset: 36, Alignment: full word
                                 0-38.8$
 
fidtm                            Use associated, Integer(4), Component of Derived type definition: lisoutput, Offset: 44, Alignment: full word
                                 0-38.8$
 
findagrtime1                     Use associated, Integer(4), Component of Derived type definition: lisforcing, Offset: 52, Alignment: full word
                                 0-38.8$
 
findagrtime2                     Use associated, Integer(4), Component of Derived type definition: lisforcing, Offset: 56, Alignment: full word
                                 0-38.8$
 
findtime1                        Use associated, Integer(4), Component of Derived type definition: lisforcing, Offset: 44, Alignment: full word
                                 0-38.8$
 
findtime2                        Use associated, Integer(4), Component of Derived type definition: lisforcing, Offset: 48, Alignment: full word
                                 0-38.8$
 
force                            Use associated, Integer(4), Component of Derived type definition: lisforcing, Offset: 0, Alignment: full word
                                 0-38.8$
 
foropen                          Use associated, Integer(4), Component of Derived type definition: lisoutput, Offset: 28, Alignment: full word
                                 0-38.8$
 
glbnch                           Use associated, Integer(4), Component of Derived type definition: lisdomain, Offset: 16, Alignment: full word
                                 0-38.8$
 
glbngrid                         Use associated, Integer(4), Component of Derived type definition: lisdomain, Offset: 24, Alignment: full word
                                 0-38.8$
 
gmt                              Use associated, Real(4), Component of Derived type definition: listime, Offset: 128, Alignment: full word
                                 0-38.8$
 
gnc                              Use associated, Integer(4), Component of Derived type definition: lisdomain, Offset: 36, Alignment: full word
                                 0-38.8$
 
gnr                              Use associated, Integer(4), Component of Derived type definition: lisdomain, Offset: 40, Alignment: full word
                                 0-38.8$
 
gpcpsrc                          Use associated, Integer(4), Component of Derived type definition: lisforcing, Offset: 68, Alignment: full word
                                 0-38.8$
 
gridchange                       Use associated, Integer(4), Component of Derived type definition: lisforcing, Offset: 24, Alignment: full word
                                 0-38.8$
 
griddesc                         Use associated, Real(4) (1:50), Component of Derived type definition: lisdomain, Offset: 72, Alignment: full word
                                 0-38.8$
 
hhmmss                           Use associated, Integer(4), Component of Derived type definition: listime, Offset: 72, Alignment: full word
                                 0-38.8$
 
hr                               Use associated, Integer(4), Component of Derived type definition: listime, Offset: 92, Alignment: full word
                                 0-38.8$
 
ic                               Use associated, Integer(4), Component of Derived type definition: lisdomain, Offset: 52, Alignment: full word
                                 0-38.8$
 
interp                           Use associated, Integer(4), Component of Derived type definition: lisforcing, Offset: 28, Alignment: full word
                                 0-38.8$
 
ir                               Use associated, Integer(4), Component of Derived type definition: lisdomain, Offset: 56, Alignment: full word
                                 0-38.8$
 
iscfile                          Use associated, Character(40), Component of Derived type definition: lisparameters, Offset: 480, Alignment: byte
                                 0-38.8$
 
lai                              Use associated, Integer(4), Component of Derived type definition: lisparameters, Offset: 0, Alignment: full word
                                 0-38.8$
 
laiflag                          Use associated, Integer(4), Component of Derived type definition: lisparameters, Offset: 12, Alignment: full word
                                 0-38.8$
 
laitime                          Use associated, Real(8), Component of Derived type definition: lisparameters, Offset: 560, Alignment: double word
                                 0-38.8$
 
landcover                        Use associated, Integer(4), Component of Derived type definition: lisdomain, Offset: 32, Alignment: full word
                                 0-38.8$
 
latmax                           Use associated, Integer(4), Component of Derived type definition: lisforcing, Offset: 32, Alignment: full word
                                 0-38.8$
 
lc_griddesc                      Use associated, Real(4) (1:6), Component of Derived type definition: lisdomain, Offset: 320, Alignment: full word
                                 0-38.8$
 
lis                              Use associated, Public, Static, Derived type: lisdec, Offset: 0, Alignment: quadruple word
                                 0-38.30$
 
lis%d%gnc                        Use associated, Private, Static, Integer(4), Offset: 36, Alignment: full word
                                 0-132.47
 
lis%d%gnr                        Use associated, Private, Static, Integer(4), Offset: 40, Alignment: double word
                                 0-133.47
 
lis%d%griddesc                   Use associated, Private, Static, Real(4) (1:50), Offset: 72, Alignment: double word
                                 0-160.23  0-181.23  0-202.23  0-223.23  0-244.26  0-265.26  0-286.24  0-307.24  0-328.24  0-349.24
                                 0-370.27  0-391.27
 
lis%d%lnc                        Use associated, Private, Static, Integer(4), Offset: 44, Alignment: full word
                                 0-109.25  0-115.25  0-128.47
 
lis%d%lnr                        Use associated, Private, Static, Integer(4), Offset: 48, Alignment: quadruple word
                                 0-110.25  0-116.25  0-129.47
 
lis_g2l_col_offset               Public, Static, Integer(4), Offset: 28, Alignment: full word
                                 0-74.15$  0-124.4@
 
lis_g2l_row_offset               Public, Static, Integer(4), Offset: 24, Alignment: double word
                                 0-69.15$  0-123.4@
 
lis_get_data_elon                Function Real(4)
                                 0-347.12$  0-349.4@
 
lis_get_data_elon                Public, Module Function Real(4)
                                 0-342.10$
 
lis_get_data_lat_res             Public, Module Function Real(4)
                                 0-363.10$
 
lis_get_data_lat_res             Function Real(4)
                                 0-368.12$  0-370.4@
 
lis_get_data_lon_res             Function Real(4)
                                 0-389.12$  0-391.4@
 
lis_get_data_lon_res             Public, Module Function Real(4)
                                 0-384.10$
 
lis_get_data_nlat                Public, Module Function Real(4)
                                 0-321.10$
 
lis_get_data_nlat                Function Real(4)
                                 0-326.12$  0-328.4@
 
lis_get_data_slat                Public, Module Function Real(4)
                                 0-279.10$  0-414.36
 
lis_get_data_slat                Function Real(4)
                                 0-284.12$  0-286.4@
 
lis_get_data_wlon                Function Real(4)
                                 0-305.12$  0-307.4@
 
lis_get_data_wlon                Public, Module Function Real(4)
                                 0-300.10$  0-437.36
 
lis_get_run_elon                 Public, Module Function Real(4)
                                 0-216.10$
 
lis_get_run_elon                 Function Real(4)
                                 0-221.12$  0-223.4@
 
lis_get_run_lat_res              Function Real(4)
                                 0-242.12$  0-244.4@
 
lis_get_run_lat_res              Public, Module Function Real(4)
                                 0-237.10$  0-415.15
 
lis_get_run_lon_res              Public, Module Function Real(4)
                                 0-258.10$  0-438.15
 
lis_get_run_lon_res              Function Real(4)
                                 0-263.12$  0-265.4@
 
lis_get_run_nlat                 Function Real(4)
                                 0-200.12$  0-202.4@
 
lis_get_run_nlat                 Public, Module Function Real(4)
                                 0-195.10$
 
lis_get_run_slat                 Public, Module Function Real(4)
                                 0-153.10$  0-414.15
 
lis_get_run_slat                 Function Real(4)
                                 0-158.12$  0-160.4@
 
lis_get_run_wlon                 Public, Module Function Real(4)
                                 0-174.10$  0-437.15
 
lis_get_run_wlon                 Function Real(4)
                                 0-179.12$  0-181.4@
 
lis_global_to_local_col_offset   Function Real(4)
                                 0-434.12$  0-436.4@
 
lis_global_to_local_col_offset   Public, Module Function Real(4)
                                 0-429.10$  0-124.25
 
lis_global_to_local_row_offset   Function Real(4)
                                 0-410.12$  0-413.4@
 
lis_global_to_local_row_offset   Public, Module Function Real(4)
                                 0-405.10$  0-123.25
 
lis_grid_offset                  Public, Static, Integer(4), Offset: 20, Alignment: full word
                                 0-64.15$  0-112.7@  0-135.53
 
lis_indices_module               Nonintrinsic Module
                                 0-36.8$
 
lis_module                       Use associated, Nonintrinsic Module
                                 0-38.8$
 
lis_nc_data                      Public, Static, Integer(4), Offset: 8, Alignment: double word
                                 0-45.15$  0-115.7@  0-130.49
 
lis_nc_working                   Public, Static, Integer(4), Offset: 0, Alignment: quadruple word
                                 0-42.15$  0-109.7@  0-126.52
 
lis_nr_data                      Public, Static, Integer(4), Offset: 12, Alignment: full word
                                 0-47.15$  0-116.7@  0-131.49
 
lis_nr_working                   Public, Static, Integer(4), Offset: 4, Alignment: full word
                                 0-43.15$  0-110.7@  0-127.52
 
lis_set_indices                  Public, Module Subroutine
                                 0-90.12$
 
lis_tnroffset                    Public, Static, Integer(4), Offset: 16, Alignment: quadruple word
                                 0-50.15$  0-111.7@  0-123.56  0-134.51
 
lisdrv_module                    Use associated, Nonintrinsic Module
                                 0-38.8$  0-38.8
 
lnc                              Use associated, Integer(4), Component of Derived type definition: lisdomain, Offset: 44, Alignment: full word
                                 0-38.8$
 
lnr                              Use associated, Integer(4), Component of Derived type definition: lisdomain, Offset: 48, Alignment: full word
                                 0-38.8$
 
longflag                         Use associated, Integer(4), Component of Derived type definition: lisforcing, Offset: 40, Alignment: full word
                                 0-38.8$
 
lsm                              Use associated, Integer(4), Component of Derived type definition: lisdomain, Offset: 4, Alignment: full word
                                 0-38.8$
 
maxt                             Use associated, Integer(4), Component of Derived type definition: lisdomain, Offset: 60, Alignment: full word
                                 0-38.8$
 
mfile                            Use associated, Character(50), Component of Derived type definition: lisparameters, Offset: 20, Alignment: byte
                                 0-38.8$
 
mina                             Use associated, Real(4), Component of Derived type definition: lisdomain, Offset: 64, Alignment: full word
                                 0-38.8$
 
mn                               Use associated, Integer(4), Component of Derived type definition: listime, Offset: 96, Alignment: full word
                                 0-38.8$
 
mo                               Use associated, Integer(4), Component of Derived type definition: listime, Offset: 84, Alignment: full word
                                 0-38.8$
 
modisdir                         Use associated, Character(40), Component of Derived type definition: lisparameters, Offset: 440, Alignment: byte
                                 0-38.8$
 
nch                              Use associated, Integer(4), Component of Derived type definition: lisdomain, Offset: 0, Alignment: full word
                                 0-38.8$
 
nf                               Use associated, Integer(4), Component of Derived type definition: lisforcing, Offset: 12, Alignment: full word
                                 0-38.8$
 
nforce                           Use associated, Integer(4), Component of Derived type definition: lisforcing, Offset: 8, Alignment: full word
                                 0-38.8$
 
ngrid                            Use associated, Integer(4), Component of Derived type definition: lisdomain, Offset: 20, Alignment: full word
                                 0-38.8$
 
nint                             Pure Intrinsic
                                 0-414.7
 
nint                             Pure Intrinsic
                                 0-437.7
 
nmif                             Use associated, Integer(4), Component of Derived type definition: lisforcing, Offset: 16, Alignment: full word
                                 0-38.8$
 
nt                               Use associated, Integer(4), Component of Derived type definition: lisparameters, Offset: 4, Alignment: full word
                                 0-38.8$
 
numoutf                          Use associated, Integer(4), Component of Derived type definition: lisoutput, Offset: 32, Alignment: full word
                                 0-38.8$
 
o                                Use associated, Derived type: lisoutput, Component of Derived type definition: lisdec, Offset: 1144, Alignment: full word
                                 0-38.8$
 
odir                             Use associated, Character(40), Component of Derived type definition: lisoutput, Offset: 52, Alignment: byte
                                 0-38.8$
 
offset                           Reference argument, Intent (IN), Integer(4), Offset: 0, Alignment: full word
                                 0-411.27$  0-405.41  0-415.41
 
p                                Use associated, Derived type: lisparameters, Component of Derived type definition: lisdec, Offset: 424, Alignment: double word
                                 0-38.8$
 
pda                              Use associated, Integer(4), Component of Derived type definition: listime, Offset: 108, Alignment: full word
                                 0-38.8$
 
po1file                          Use associated, Character(40), Component of Derived type definition: lisparameters, Offset: 200, Alignment: byte
                                 0-38.8$
 
po2file                          Use associated, Character(40), Component of Derived type definition: lisparameters, Offset: 240, Alignment: byte
                                 0-38.8$
 
po3file                          Use associated, Character(40), Component of Derived type definition: lisparameters, Offset: 280, Alignment: byte
                                 0-38.8$
 
radsrc                           Use associated, Integer(4), Component of Derived type definition: lisforcing, Offset: 72, Alignment: full word
                                 0-38.8$
 
rbias                            Use associated, Integer(4), Component of Derived type definition: lisassimil, Offset: 4, Alignment: full word
                                 0-38.8$
 
rcgm                             Use associated, Integer(4), Component of Derived type definition: lisoutput, Offset: 40, Alignment: full word
                                 0-38.8$
 
rctm                             Use associated, Integer(4), Component of Derived type definition: lisoutput, Offset: 48, Alignment: full word
                                 0-38.8$
 
rdbc                             Use associated, Integer(4), Component of Derived type definition: lisassimil, Offset: 12, Alignment: full word
                                 0-38.8$
 
ribc                             Use associated, Integer(4), Component of Derived type definition: lisassimil, Offset: 8, Alignment: full word
                                 0-38.8$
 
rpsas                            Use associated, Integer(4), Component of Derived type definition: lisassimil, Offset: 0, Alignment: full word
                                 0-38.8$
 
rsdbc                            Use associated, Integer(4), Component of Derived type definition: lisassimil, Offset: 16, Alignment: full word
                                 0-38.8$
 
rstflag                          Use associated, Integer(4), Component of Derived type definition: lisforcing, Offset: 20, Alignment: full word
                                 0-38.8$
 
safile                           Use associated, Character(40), Component of Derived type definition: lisparameters, Offset: 120, Alignment: byte
                                 0-38.8$
 
saiflag                          Use associated, Integer(4), Component of Derived type definition: lisparameters, Offset: 16, Alignment: full word
                                 0-38.8$
 
saitime                          Use associated, Real(8), Component of Derived type definition: lisparameters, Offset: 568, Alignment: double word
                                 0-38.8$
 
sda                              Use associated, Integer(4), Component of Derived type definition: listime, Offset: 16, Alignment: full word
                                 0-38.8$
 
sdoy                             Use associated, Integer(4), Component of Derived type definition: listime, Offset: 4, Alignment: full word
                                 0-38.8$
 
sgmt                             Use associated, Real(4), Component of Derived type definition: listime, Offset: 136, Alignment: full word
                                 0-38.8$
 
shortflag                        Use associated, Integer(4), Component of Derived type definition: lisforcing, Offset: 36, Alignment: full word
                                 0-38.8$
 
shr                              Use associated, Integer(4), Component of Derived type definition: listime, Offset: 12, Alignment: full word
                                 0-38.8$
 
sifile                           Use associated, Character(40), Component of Derived type definition: lisparameters, Offset: 360, Alignment: byte
                                 0-38.8$
 
slfile                           Use associated, Character(40), Component of Derived type definition: lisparameters, Offset: 320, Alignment: byte
                                 0-38.8$
 
smn                              Use associated, Integer(4), Component of Derived type definition: listime, Offset: 8, Alignment: full word
                                 0-38.8$
 
smo                              Use associated, Integer(4), Component of Derived type definition: listime, Offset: 20, Alignment: full word
                                 0-38.8$
 
soil                             Use associated, Integer(4), Component of Derived type definition: lisdomain, Offset: 8, Alignment: full word
                                 0-38.8$
 
soil_griddesc                    Use associated, Real(4) (1:6), Component of Derived type definition: lisdomain, Offset: 272, Alignment: full word
                                 0-38.8$
 
ss                               Use associated, Integer(4), Component of Derived type definition: listime, Offset: 100, Alignment: full word
                                 0-38.8$
 
sss                              Use associated, Integer(4), Component of Derived type definition: listime, Offset: 0, Alignment: full word
                                 0-38.8$
 
startcode                        Use associated, Integer(4), Component of Derived type definition: lisoutput, Offset: 24, Alignment: full word
                                 0-38.8$
 
syr                              Use associated, Integer(4), Component of Derived type definition: listime, Offset: 24, Alignment: full word
                                 0-38.8$
 
t                                Use associated, Derived type: listime, Component of Derived type definition: lisdec, Offset: 1000, Alignment: double word
                                 0-38.8$
 
time                             Use associated, Real(8), Component of Derived type definition: listime, Offset: 112, Alignment: double word
                                 0-38.8$
 
ts                               Use associated, Integer(4), Component of Derived type definition: listime, Offset: 60, Alignment: full word
                                 0-38.8$
 
tscount                          Use associated, Integer(4), Component of Derived type definition: listime, Offset: 64, Alignment: full word
                                 0-38.8$
 
udef                             Use associated, Real(4), Component of Derived type definition: lisdomain, Offset: 68, Alignment: full word
                                 0-38.8$
 
vclass                           Use associated, Integer(4), Component of Derived type definition: lisparameters, Offset: 8, Alignment: full word
                                 0-38.8$
 
vfile                            Use associated, Character(50), Component of Derived type definition: lisparameters, Offset: 70, Alignment: byte
                                 0-38.8$
 
wfor                             Use associated, Integer(4), Component of Derived type definition: lisoutput, Offset: 0, Alignment: full word
                                 0-38.8$
 
wout                             Use associated, Integer(4), Component of Derived type definition: lisoutput, Offset: 8, Alignment: full word
                                 0-38.8$
 
wparam                           Use associated, Integer(4), Component of Derived type definition: lisoutput, Offset: 16, Alignment: full word
                                 0-38.8$
 
wsingle                          Use associated, Integer(4), Component of Derived type definition: lisoutput, Offset: 12, Alignment: full word
                                 0-38.8$
 
wtil                             Use associated, Integer(4), Component of Derived type definition: lisoutput, Offset: 4, Alignment: full word
                                 0-38.8$
 
yr                               Use associated, Integer(4), Component of Derived type definition: listime, Offset: 80, Alignment: full word
                                 0-38.8$
 
yyyymmdd                         Use associated, Integer(4), Component of Derived type definition: listime, Offset: 68, Alignment: full word
                                 0-38.8$
 
** lis_indices_module   === End of Compilation 1 ===
 
>>>>> FILE TABLE SECTION <<<<<
 
 
                                       FILE CREATION        FROM
FILE NO   FILENAME                    DATE       TIME       FILE    LINE
     0    ../core/lis_indices_module.F
                                      03/09/11   11:03:38
 
 
>>>>> COMPILATION EPILOGUE SECTION <<<<<
 
 
FORTRAN Summary of Diagnosed Conditions
 
TOTAL   UNRECOVERABLE  SEVERE       ERROR     WARNING    INFORMATIONAL
               (U)       (S)         (E)        (W)          (I)
    0           0         0           0          0            0
 
 
    Source records read.......................................     424
1501-510  Compilation successful for file lis_indices_module.F.
1501-543  Object file created.
